10:30:08 **** Incremental Build of configuration Debug for project CHAIN_example ****
make -j7 all 
arm-none-eabi-gcc "../Core/Src/main.c" -mcpu=cortex-m7 -std=gnu11 -g3 -DDEBUG -DUSE_HAL_DRIVER -DSTM32F767xx -c -I../Core/Inc -I../Drivers/STM32F7xx_HAL_Driver/Inc -I../Drivers/STM32F7xx_HAL_Driver/Inc/Legacy -I../Drivers/CMSIS/Device/ST/STM32F7xx/Include -I../Drivers/CMSIS/Include -I/Users/nbaldicc/STM32Cube/Repository/Packs/ARM/CMSIS-DSP/1.16.2/Include -I/Users/nbaldicc/STM32Cube/Repository/Packs/ARM/CMSIS-DSP/1.16.2/PrivateInclude -I/Users/nbaldicc/STM32Cube/Repository/Packs/ARM/CMSIS/6.1.0/CMSIS/Core/Include -O0 -ffunction-sections -fdata-sections -Wall -fstack-usage -fcyclomatic-complexity -MMD -MP -MF"Core/Src/main.d" -MT"Core/Src/main.o" --specs=nano.specs -mfpu=fpv5-d16 -mfloat-abi=hard -mthumb -o "Core/Src/main.o"
arm-none-eabi-gcc -o "CHAIN_example.elf" @"objects.list"   -mcpu=cortex-m7 -T"/Users/nbaldicc/Desktop/JAPworkspace/aIO-adapter/packages/CHAIN_example/STM32F767ZITX_FLASH.ld" --specs=nosys.specs -Wl,-Map="CHAIN_example.map" -Wl,--gc-sections -static --specs=nano.specs -mfpu=fpv5-d16 -mfloat-abi=hard -mthumb -Wl,--start-group -lc -lm -Wl,--end-group
Finished building target: CHAIN_example.elf
 
arm-none-eabi-size  CHAIN_example.elf 
arm-none-eabi-objdump -h -S CHAIN_example.elf  > "CHAIN_example.list"
   text	   data	    bss	    dec	    hex	filename
  17120	    480	   3336	  20936	   51c8	CHAIN_example.elf
Finished building: default.size.stdout
 
Finished building: CHAIN_example.list
 
